1 0 0 0 0 0 0 0 0 0 0 0 0 1 6 2
0 1 0 0 0 0 0 0 0 0 0 0 0 0 0 0
0 0 1 0 0 0 0 0 0 0 0 0 0 3 6 5
0 0 0 1 0 0 0 0 0 0 0 0 0 1 3 3
0 0 0 0 1 0 0 0 0 0 0 0 0 3 3 4
0 0 0 0 0 1 0 0 0 0 0 0 0 3 2 0
0 0 0 0 0 0 1 0 0 0 0 0 0 6 5 3
0 0 0 0 0 0 0 1 0 0 0 0 0 4 1 0
0 0 0 0 0 0 0 0 1 0 0 0 0 0 2 5
0 0 0 0 0 0 0 0 0 1 0 0 0 1 3 1
0 0 0 0 0 0 0 0 0 0 1 0 0 3 1 1
0 0 0 0 0 0 0 0 0 0 0 1 0 3 1 2
0 0 0 0 0 0 0 0 0 0 0 0 1 0 0 1
