1 0 0 6 1 2 3 0 4 2 0 4 4 6 4 4 6 0 6 3 2 3 0 1 5 0
0 0 1 4 4 0 1 1 5 5 5 1 5 2 6 5 4 1 6 4 0 2 2 3 3 0
