1 0 0 0 0 0 0 0 0 0 0 0 0 0 0 0 0 0 2 3 2
0 1 0 0 0 0 0 0 0 0 0 0 0 0 0 0 3 5 1 0 6
0 0 1 0 0 0 0 0 0 0 0 0 0 0 0 0 0 1 4 6 1
0 0 0 1 0 0 0 0 0 0 0 0 0 0 0 0 3 3 5 0 3
0 0 0 0 1 0 0 0 0 0 0 0 0 0 0 0 0 1 4 5 0
0 0 0 0 0 1 0 0 0 0 0 0 0 0 0 0 5 1 4 0 2
0 0 0 0 0 0 1 0 0 0 0 0 0 0 0 0 4 1 5 1 6
0 0 0 0 0 0 0 1 0 0 0 0 0 0 0 0 5 5 3 1 0
0 0 0 0 0 0 0 0 1 0 0 0 0 0 0 0 1 2 3 0 6
0 0 0 0 0 0 0 0 0 1 0 0 0 0 0 0 3 3 1 4 1
0 0 0 0 0 0 0 0 0 0 1 0 0 0 0 0 6 3 6 5 5
0 0 0 0 0 0 0 0 0 0 0 1 0 0 0 0 0 0 6 3 4
0 0 0 0 0 0 0 0 0 0 0 0 1 0 0 0 5 6 5 2 6
0 0 0 0 0 0 0 0 0 0 0 0 0 1 0 0 0 5 0 0 2
0 0 0 0 0 0 0 0 0 0 0 0 0 0 1 0 5 0 6 5 2
0 0 0 0 0 0 0 0 0 0 0 0 0 0 0 1 0 6 3 3 4
