1 0 0 0 0 0 0 5 5 5 3 1 1 1 1 5 4 1 6 5 6 3 6 1 4 3 4 2 1
0 1 0 0 0 0 0 5 0 3 6 2 4 0 4 6 4 1 1 4 5 3 1 0 0 5 3 3 2
0 0 1 0 0 0 0 4 6 6 2 2 3 3 4 0 4 4 0 3 4 4 1 1 5 1 0 6 6
0 0 0 1 0 0 0 2 3 3 2 2 4 0 2 0 4 2 1 0 6 6 5 3 3 0 0 5 6
0 0 0 0 1 0 0 5 2 5 0 4 0 6 2 1 6 0 2 4 1 1 1 2 6 6 5 0 4
0 0 0 0 0 1 0 3 3 0 4 2 1 6 4 6 2 4 4 2 0 5 0 2 1 4 2 6 2
0 0 0 0 0 0 1 4 3 6 1 0 2 3 5 6 2 3 5 6 6 1 6 3 1 5 2 3 3
