1 0 0 0 5 3 5 0 4 5 0
0 1 0 0 4 2 1 4 6 6 5
0 0 1 0 3 2 0 6 5 1 2
0 0 0 1 5 4 3 1 0 4 1
