1 0 0 0 0 0 0 0 0 0 0 0 0 6 5 6 3 6 3 4
0 1 0 0 0 0 0 0 0 0 0 0 0 2 1 2 6 2 3 0
0 0 1 0 0 0 0 0 0 0 0 0 0 2 3 6 5 3 4 0
0 0 0 1 0 0 0 0 0 0 0 0 0 0 6 3 1 1 6 4
0 0 0 0 1 0 0 0 0 0 0 0 0 5 5 6 6 0 1 6
0 0 0 0 0 1 0 0 0 0 0 0 0 5 0 4 4 0 4 6
0 0 0 0 0 0 1 0 0 0 0 0 0 1 6 1 4 4 2 0
0 0 0 0 0 0 0 1 0 0 0 0 0 5 1 1 4 0 4 4
0 0 0 0 0 0 0 0 1 0 0 0 0 4 0 2 4 2 4 3
0 0 0 0 0 0 0 0 0 1 0 0 0 3 2 5 2 6 1 1
0 0 0 0 0 0 0 0 0 0 1 0 0 5 5 3 6 1 0 3
0 0 0 0 0 0 0 0 0 0 0 1 0 0 1 4 2 5 4 1
0 0 0 0 0 0 0 0 0 0 0 0 1 4 1 5 0 0 2 3
