1 0 0 0 2 5 0 0 3 1 4 2 2
0 1 0 0 2 3 0 5 6 5 3 0 0
0 0 1 0 1 6 0 6 1 4 4 4 1
0 0 0 1 5 1 2 6 0 2 3 1 2
