1 0 0 0 0 6 2 2 2 6 5 1 6 3 6 2 4
0 1 0 0 0 5 6 2 6 0 0 5 5 4 6 3 1
0 0 1 0 0 3 2 0 1 5 5 2 1 6 3 5 6
0 0 0 1 0 3 5 3 1 5 3 2 5 3 3 1 0
0 0 0 0 1 2 3 2 0 1 4 1 2 4 2 3 6
