1 0 0 0 0 0 0 0 0 0 0 5 6 0 3 5 3 5 1 5 4
0 1 0 0 0 0 0 0 0 0 6 6 5 2 2 5 3 6 5 5 3
0 0 1 0 0 0 0 0 0 0 2 2 4 4 0 0 0 1 5 0 5
0 0 0 1 0 0 0 0 0 0 2 6 1 2 5 6 5 4 2 2 4
0 0 0 0 1 0 0 0 0 0 6 3 0 5 1 6 4 2 5 6 6
0 0 0 0 0 1 0 0 0 0 5 1 3 2 4 6 3 3 6 5 4
0 0 0 0 0 0 1 0 0 0 5 5 3 4 1 2 0 2 4 0 6
0 0 0 0 0 0 0 1 0 0 1 3 5 5 0 4 0 6 0 3 1
0 0 0 0 0 0 0 0 1 0 1 2 6 6 1 2 2 2 0 3 4
0 0 0 0 0 0 0 0 0 1 1 5 4 3 2 3 1 3 2 5 6
