1 0 0 0 0 0 0 0 0 0 0 0 5 0 6 5 2 1 5 6 4
0 1 0 0 0 0 0 0 0 0 0 0 1 0 5 3 2 6 6 2 6
0 0 1 0 0 0 0 0 0 0 0 0 1 0 1 2 1 2 3 3 3
0 0 0 1 0 0 0 0 0 0 0 0 2 0 2 6 1 3 1 1 2
0 0 0 0 1 0 0 0 0 0 0 0 6 0 0 5 2 2 2 5 4
0 0 0 0 0 1 0 0 0 0 0 0 6 0 2 4 3 2 6 6 3
0 0 0 0 0 0 1 0 0 0 0 0 1 0 0 4 6 6 5 0 5
0 0 0 0 0 0 0 1 0 0 0 0 6 0 5 0 4 1 0 0 5
0 0 0 0 0 0 0 0 1 0 0 0 4 0 0 3 3 5 2 5 6
0 0 0 0 0 0 0 0 0 1 0 0 4 0 6 3 0 2 4 3 4
0 0 0 0 0 0 0 0 0 0 1 0 5 0 2 3 1 6 0 0 4
0 0 0 0 0 0 0 0 0 0 0 1 6 0 4 5 6 4 0 3 1
0 0 0 0 0 0 0 0 0 0 0 0 0 1 6 1 0 2 5 0 6
